// Vitest Snapshot v1, https://vitest.dev/guide/snapshot.html

exports[`Navigation Bar Tests > should have chef hat 1`] = `null`;
